cwd: /c/Users/patij212/Downloads/PotFoundry-Lite-v2.0/potfoundry-web
── bundling research/tools/audTruePos.ts -> research/bridge/out/_run_audTruePos.cjs ──
▲ [WARNING] "import.meta" is not available with the "cjs" output format and will be empty [empty-import-meta]

    research/bridge/_facetTruthPool.ts:88:37:
      88 │   const here = dirname(fileURLToPath(import.meta.url));
         ╵                                      ~~~~~~~~~~~

  You need to set the output format to "esm" for "import.meta" to work correctly.

▲ [WARNING] "esbuild" should be marked as external for use with "require.resolve" [require-resolve-not-external]

    node_modules/esbuild/lib/main.js:1653:36:
      1653 │   const libMainJS = require.resolve("esbuild");
           ╵                                     ~~~~~~~~~

2 warnings

  research\bridge\out\_run_audTruePos.cjs  201.6kb

Done in 35ms
── checking for undefined identifiers (TS2304 only) ──
   none
===== AUD-TRUE-POS — certifyTriangle at the facets tangExc condemns =====
N 250000  topK 300  tol 0.01 mm  nMax 512

═════════ GothicArches  (gothicarches_ring_DS-HT_S39CTL, 1142166 facets) ═════════
  closure: detectZJumps 0   detectThetaJumps 0
  ── TOP-300 BY tangExc (n=300, 283.3s) ─────────────────────────────
     tangExc                     p50     347.9  p99     993.5  max    1251.3 um
     *** H1 VERDICT at the 10 um PRODUCT BAR:  PROVEN-FAIL 251   PROVEN-PASS 49   UNKNOWN 0  (of 300) ***
     H1 witnessed (>= true max at short-circuit is a LOWER bound)  p50 25.30  p99 209.40  max 349.22 um
     H1 bound                     p50 33.56  p99 219.29  max 359.15 um
     driver plane ruler posUm     p50 2.23  p99 19.17  max 47.23 um   over-bar 11/300
     *** THE HEAD-TO-HEAD: H1 proves 251 FAILURES where the plane ruler reports 11 ***
  ── RANDOM CONTROL, same size (n=300, 10.4s) ─────────────────────────────
     tangExc                     p50       3.8  p99      47.8  max     399.3 um
     *** H1 VERDICT at the 10 um PRODUCT BAR:  PROVEN-FAIL 2   PROVEN-PASS 298   UNKNOWN 0  (of 300) ***
     H1 witnessed (>= true max at short-circuit is a LOWER bound)  p50 1.74  p99 5.53  max 48.93 um
     H1 bound                     p50 8.05  p99 10.00  max 58.24 um
     driver plane ruler posUm     p50 1.55  p99 3.45  max 4.58 um   over-bar 0/300
     *** THE HEAD-TO-HEAD: H1 proves 2 FAILURES where the plane ruler reports 0 ***
  ── TOP-300 BY THE PLANE RULER ITSELF (the OVER-read arm) (n=300, 121.1s) ─────────────────────────────
     tangExc                     p50      55.0  p99     993.5  max    1251.3 um
     *** H1 VERDICT at the 10 um PRODUCT BAR:  PROVEN-FAIL 106   PROVEN-PASS 194   UNKNOWN 0  (of 300) ***
     H1 witnessed (>= true max at short-circuit is a LOWER bound)  p50 5.24  p99 78.63  max 88.85 um
     H1 bound                     p50 9.99  p99 88.38  max 98.63 um
     driver plane ruler posUm     p50 3.54  p99 20.02  max 47.23 um   over-bar 17/300
     *** THE HEAD-TO-HEAD: H1 proves 106 FAILURES where the plane ruler reports 17 ***

  H-F selectivity: top-K proven-fail rate / control proven-fail rate = 125.50x   (kill < 2x)
  TWO-SIDEDNESS on this style:  plane/H1 at the plane ruler's own worst  p50 0.675x   max/max 0.532x
                                H1/plane at the tangExc tail            p50 11.33x   max/max 7.39x
  A single multiplicative correction exists ONLY if these two are reciprocal. Read them.
  ── MAGNITUDE, exhaustive, tol 2 um, nMax 192 (n=25, 108.2s) ──
     tangExc       p50 760.1  max 1251.3 um
     H1 witnessed  p50 68.72  p90 209.61  max 355.16 um   (witnessedComplete 0/25)
     H1 bound      p50 70.71  max 357.64 um
     *** tangExc / H1 witnessed  p50 11.1x ***
  [checkpoint appended to research/exchange/_strataConformBisect/AUD_TRUEPOS.ndjson]

═════════ LowPolyFacet  (lowpolyfacet_ring_D--, 137480 facets) ═════════
  closure: detectZJumps 0   detectThetaJumps 0
  ── TOP-300 BY tangExc (n=300, 0.4s) ─────────────────────────────
     tangExc                     p50      40.4  p99      71.4  max      71.4 um
     *** H1 VERDICT at the 10 um PRODUCT BAR:  PROVEN-FAIL 0   PROVEN-PASS 300   UNKNOWN 0  (of 300) ***
     H1 witnessed (>= true max at short-circuit is a LOWER bound)  p50 4.49  p99 4.98  max 4.98 um
     H1 bound                     p50 9.25  p99 10.00  max 10.00 um
     driver plane ruler posUm     p50 4.89  p99 5.00  max 5.00 um   over-bar 0/300
     *** THE HEAD-TO-HEAD: H1 proves 0 FAILURES where the plane ruler reports 0 ***
  ── RANDOM CONTROL, same size (n=300, 0.3s) ─────────────────────────────
     tangExc                     p50       0.0  p99      36.8  max      40.3 um
     *** H1 VERDICT at the 10 um PRODUCT BAR:  PROVEN-FAIL 0   PROVEN-PASS 300   UNKNOWN 0  (of 300) ***
     H1 witnessed (>= true max at short-circuit is a LOWER bound)  p50 0.00  p99 4.76  max 4.84 um
     H1 bound                     p50 9.77  p99 10.00  max 10.00 um
     driver plane ruler posUm     p50 0.00  p99 4.99  max 4.99 um   over-bar 0/300
     *** THE HEAD-TO-HEAD: H1 proves 0 FAILURES where the plane ruler reports 0 ***
  ── TOP-300 BY THE PLANE RULER ITSELF (the OVER-read arm) (n=300, 0.2s) ─────────────────────────────
     tangExc                     p50      12.7  p99      71.4  max      71.4 um
     *** H1 VERDICT at the 10 um PRODUCT BAR:  PROVEN-FAIL 0   PROVEN-PASS 300   UNKNOWN 0  (of 300) ***
     H1 witnessed (>= true max at short-circuit is a LOWER bound)  p50 4.63  p99 4.98  max 4.98 um
     H1 bound                     p50 9.33  p99 9.99  max 9.99 um
     driver plane ruler posUm     p50 4.99  p99 5.00  max 5.00 um   over-bar 0/300
     *** THE HEAD-TO-HEAD: H1 proves 0 FAILURES where the plane ruler reports 0 ***

  H-F selectivity: top-K proven-fail rate / control proven-fail rate = 0.00x   (kill < 2x)
  TWO-SIDEDNESS on this style:  plane/H1 at the plane ruler's own worst  p50 1.079x   max/max 1.003x
                                H1/plane at the tangExc tail            p50 0.92x   max/max 1.00x
  A single multiplicative correction exists ONLY if these two are reciprocal. Read them.
  ── MAGNITUDE, exhaustive, tol 2 um, nMax 192 (n=25, 8.1s) ──
     tangExc       p50 71.4  max 71.4 um
     H1 witnessed  p50 4.98  p90 5.03  max 5.03 um   (witnessedComplete 0/25)
     H1 bound      p50 5.23  max 5.28 um
     *** tangExc / H1 witnessed  p50 14.3x ***
  [checkpoint appended to research/exchange/_strataConformBisect/AUD_TRUEPOS.ndjson]

done (RAD sentinel 57)

report written to research/exchange/_strataConformBisect/audTruePos.report.txt
