
[1m[46m RUN [49m[22m [36mv4.0.17 [39m[90mC:/Users/patij212/Downloads/PotFoundry-Lite-v2.0/potfoundry-web[39m

[90mstdout[2m | research/bridge/_strataFacetTruthValidate.test.ts[2m > [22m[2mfacet-truth ruler validation[2m > [22m[2mV1: H1 reproduces the closed-form cylinder chord sagitta
[22m[39mV1 exact 2.249981 um   witnessed 2.249981 um   n=256

[90mstdout[2m | research/bridge/_strataFacetTruthValidate.test.ts[2m > [22m[2mfacet-truth ruler validation[2m > [22m[2mV3: H1 UNDER-REPORTS missing relief by the feature width/height ratio
[22m[39mV3 wide ridge (half-width 180 um, relief 500 um): H1 197.167 um
V3 thin ridge (half-width 8 um, relief 400 um): H1 12.041 um  <-- passes a 10 um bar

[90mstdout[2m | research/bridge/_strataFacetTruthValidate.test.ts[2m > [22m[2mfacet-truth ruler validation[2m > [22m[2mV4: H2 finds an unrepresented ridge at its true height
[22m[39mV4 H2 witnessed 502.615 um vs true ridge height 500 um (queries 20002624, capped true)

[90mstdout[2m | research/bridge/_strataFacetTruthValidate.test.ts[2m > [22m[2mfacet-truth ruler validation[2m > [22m[2mV5: THE BLIND SPOT, deterministically — a crest placed BETWEEN the old rulers samples
[22m[39mV5 crest half-width 10.1 um at half-pitch offset (sample pitch 25.2 um, n=56)
V5 OLD ruler 5.552 um   H2 391.661 um   true relief 400 um   structPitch 3.14 um

[90mstdout[2m | research/bridge/_strataFacetTruthValidate.test.ts[2m > [22m[2mfacet-truth ruler validation[2m > [22m[2mV6: on a mesh that DOES resolve the ridge, both directions read small
[22m[39mV6 resolved-ridge mesh: H2 0.617 um (must be far below the 400 um relief)

[90mstdout[2m | research/bridge/_strataFacetTruthValidate.test.ts[2m > [22m[2mfacet-truth closure at discontinuities[2m > [22m[2mV7: a TREAD WALL facet is correct geometry and must not read as an error
[22m[39mV7 tread wall across a 2000 um step: H1 witnessed 0.000 um  (steps found: 1)

[90mstdout[2m | research/bridge/_strataFacetTruthValidate.test.ts[2m > [22m[2mfacet-truth closure at discontinuities[2m > [22m[2mV7b: the closure must NOT forgive a genuinely misplaced facet on a smooth surface
[22m[39mV7b facet 400 um inside a smooth cylinder: H1 witnessed 402.230 um

[90mstdout[2m | research/bridge/_strataFacetTruthValidate.test.ts[2m > [22m[2mfacet-truth closure must not forgive a NARROW FEATURE[2m > [22m[2mV7c: a narrow ridge is NOT a discontinuity and must not widen the closure
[22m[39mV7c ridge half-width 8 um, relief 400 um: H1 12.041 um
V7c ridge half-width 30 um, relief 400 um: H1 39.767 um
V7c ridge half-width 120 um, relief 400 um: H1 142.668 um

[90mstdout[2m | research/bridge/_strataFacetTruthValidate.test.ts[2m > [22m[2mperpendicular ruler[2m > [22m[2mV8: cylinder — exact |r-R|, and the foot is provably perpendicular
[22m[39mV8 offset 400 um -> d 400.000000 um  ortho 1.97e-15  iters 1
V8 offset 50 um -> d 50.000000 um  ortho 2.37e-15  iters 1
V8 offset 4 um -> d 4.000000 um  ortho 2.55e-9  iters 12

[90mstdout[2m | research/bridge/_strataFacetTruthValidate.test.ts[2m > [22m[2mperpendicular ruler[2m > [22m[2mV9: a SLOPED surface — radial over-states, perpendicular is exact cos(slope)
[22m[39mV9 slope k=0.2: radial 300.000 um, perpendicular 294.174 um, closed form 294.174 um, ortho 3.42e-10
V9 slope k=0.5: radial 300.000 um, perpendicular 268.328 um, closed form 268.328 um, ortho 2.51e-14
V9 slope k=1: radial 300.000 um, perpendicular 212.132 um, closed form 212.132 um, ortho 5.57e-14

[90mstdout[2m | research/bridge/_strataFacetTruthValidate.test.ts[2m > [22m[2mperpendicular ruler[2m > [22m[2mV10: perpendicular <= radial always, on a real feature-bearing surface
[22m[39mV10 40 probes on a ridged surface: worst radial/perpendicular 19.871x, worst ortho 2.70e-7

 [32m✓[39m research/bridge/_strataFacetTruthValidate.test.ts [2m([22m[2m12 tests[22m[2m)[22m[33m 212598[2mms[22m[39m
     [33m[2m✓[22m[39m V4: H2 finds an unrepresented ridge at its true height [33m 48308[2mms[22m[39m
     [33m[2m✓[22m[39m V5: THE BLIND SPOT, deterministically — a crest placed BETWEEN the old rulers samples [33m 94842[2mms[22m[39m
     [33m[2m✓[22m[39m V6: on a mesh that DOES resolve the ridge, both directions read small [33m 69181[2mms[22m[39m

[2m Test Files [22m [1m[32m1 passed[39m[22m[90m (1)[39m
[2m      Tests [22m [1m[32m12 passed[39m[22m[90m (12)[39m
[2m   Start at [22m 05:56:41
[2m   Duration [22m 213.16s[2m (transform 157ms, setup 0ms, import 201ms, tests 212.60s, environment 0ms)[22m

GATE EXIT 0
