cwd: /c/Users/patij212/Downloads/PotFoundry-Lite-v2.0/potfoundry-web
── bundling research/tools/audWitnessConfirm.ts -> research/bridge/out/_run_audWitnessConfirm.cjs ──
▲ [WARNING] "import.meta" is not available with the "cjs" output format and will be empty [empty-import-meta]

    research/bridge/_facetTruthPool.ts:88:37:
      88 │   const here = dirname(fileURLToPath(import.meta.url));
         ╵                                      ~~~~~~~~~~~

  You need to set the output format to "esm" for "import.meta" to work correctly.

▲ [WARNING] "esbuild" should be marked as external for use with "require.resolve" [require-resolve-not-external]

    node_modules/esbuild/lib/main.js:1653:36:
      1653 │   const libMainJS = require.resolve("esbuild");
           ╵                                     ~~~~~~~~~

2 warnings

  research\bridge\out\_run_audWitnessConfirm.cjs  197.1kb

Done in 35ms
── checking for undefined identifiers (TS2304 only) ──
   none
===== AUD-WITNESS-CONFIRM — an instrument outside _facetTruthLib, on my own headline =====
GothicArches / gothicarches_ring_DS-HT_S39CTL   K 25 witnesses   brute lattice 3072x1024 = 3.15M evals/point, 24 restarts
closure: zJumps 0  thJumps 0

idx    tangExc     H1 witnessed    H1 bound     BRUTE(indep)   brute/wit   over-10um
------------------------------------------------------------------------------------
 33549    1251.3         46.631      56.606         46.631      1.0000   YES
 35543    1115.9         17.585      27.506         17.585      1.0000   YES
 40060     993.5         31.002      40.824         31.002      1.0000   YES
 40066     993.0         30.922      40.743         30.922      1.0000   YES
260761     937.9        349.221     359.155        349.221      1.0000   YES
249139     882.8         48.206      58.015         48.206      1.0000   YES
 52114     856.1         37.622      47.594          9.169      0.2437   no 
 39917     841.3        284.908     294.906        284.908      1.0000   YES
133522     839.8        209.396     219.291        209.396      1.0000   YES
 34215     817.3         48.998      58.997         13.621      0.2780   YES
195712     763.5         66.013      75.815         66.013      1.0000   YES
261048     763.2        194.338     204.126        194.338      1.0000   YES
 48961     760.1         50.076      59.825         15.402      0.3076   YES
 65025     754.3         91.664     101.456         91.664      1.0000   YES
203074     751.6         29.907      39.852         29.907      1.0000   YES
 52909     749.6         70.809      80.623         70.809      1.0000   YES
271027     737.7         91.751     101.523         91.751      1.0000   YES
217213     718.4         75.267      85.053         75.267      1.0000   YES
247246     716.6         73.708      83.680         73.708      1.0000   YES
 35384     716.6         68.654      78.470         68.654      1.0000   YES
276777     709.8         75.267      85.053         75.267      1.0000   YES
132725     669.9         40.540      50.471         40.540      1.0000   YES
252401     658.8         19.446      29.436         19.446      1.0000   YES
 64280     654.3         17.766      27.733         17.766      1.0000   YES
 63834     654.0         14.383      24.367         14.383      1.0000   YES

brute / witnessed        p10 0.3076   p50 1.0000   p90 1.0000   min 0.2437   max 1.0000
H1 witnessed             p50 50.08   max 349.22 um
INDEPENDENT brute        p50 48.21   max 349.22 um
over the 10 um bar:      H1 25/25   INDEPENDENT BRUTE 24/25

H-J KILL: median brute/witnessed < 0.5 => witnessed inflated, FINDING 5 magnitudes withdrawn.
H-J CONFIRM: median in [0.9,1.1] AND >=90% of brutes over 10 um => reproduced independently.
  measured median 1.0000, brute over-bar 96.0%  => CONFIRMED
(72.6s)

report written to research/exchange/_strataConformBisect/audWitnessConfirm.report.txt
