cwd: /c/Users/patij212/Downloads/PotFoundry-Lite-v2.0/potfoundry-web
── bundling research/tools/s90CollapseCensus.ts -> research/bridge/out/_run_s90CollapseCensus.cjs ──
▲ [WARNING] "import.meta" is not available with the "cjs" output format and will be empty [empty-import-meta]

    research/bridge/_facetTruthPool.ts:88:37:
      88 │   const here = dirname(fileURLToPath(import.meta.url));
         ╵                                      ~~~~~~~~~~~

  You need to set the output format to "esm" for "import.meta" to work correctly.

▲ [WARNING] "esbuild" should be marked as external for use with "require.resolve" [require-resolve-not-external]

    node_modules/esbuild/lib/main.js:1653:36:
      1653 │   const libMainJS = require.resolve("esbuild");
           ╵                                     ~~~~~~~~~

2 warnings

  research\bridge\out\_run_s90CollapseCensus.cjs  212.8kb

Done in 37ms
── checking for undefined identifiers (TS2304 only) ──
   none
===== S90 — CENSUS OF THE MIS-ORIENTED (aspect3 >= 50) CLASS =====
style Voronoi  stem voronoi_ring_D--  aspect3 split 50  bar 10 um  phase B
rA cost: 1.14 M eval/s  (checksum 8919205.106)
research/exchange/_strataConformBisect/voronoi_ring_D--.stl: 806765 facets, welded to 403683 vertices   [1.0s]
GATE vertex-on-surface: p50 1.17e-6  p99 9.54e-6  max 1.47e-5 mm -> TRUSTED
per-facet geometry + legacy orientation: 3.2s   [4.3s]

── THE SPLIT (legacy centroid ruler, monotone chord key) ──
   MIS-ORIENTED aspect3>=50: 124245 facets (15.400% of count)  242.52 mm2 (0.5920% of AREA)   over-bar 122144 (98.31%)
   TURNING      aspect3< 50: 682520 facets (84.600%)  40725.96 mm2 (99.4080%)   over-bar 198241 (29.05%)
   *** H-A2: the MIS class is 0.5920% OF THE SURFACE and 15.400% of the facets -> count over-states area 26.02x ***
   total surface 40968.5 mm2;  area over the orientation bar (whole mesh) 13.139%

── H-A1 TAXONOMY of the 124245 MIS facets ──
   NEEDLE (e0/e2 <= 0.1): 72641 (58.47% of count, 35.23% of class area)
   CAP    (e0/e2 >  0.1): 51604 (41.53% of count, 64.77% of class area)
   *** H-A1 CONFIRMED — needles dominate; an edge collapse has a short edge to remove ***
   largest interior angle (deg): p01 110.804  p10 168.650  p50 177.325  p90 179.387  p99 179.792  max 179.968
   e0 shortest edge (um): p01 0.872  p10 8.810  p50 63.221  p90 227.208  p99 592.313  max 979.796
   e1 middle   edge (um): p01 209.291  p10 478.190  p50 701.331  p90 1093.471  p99 1303.389  max 2205.997
   e2 longest  edge (um): p01 276.539  p10 553.935  p50 788.793  p90 1214.813  p99 1453.961  max 2360.555
   minAlt          (um): p01 0.030  p10 0.289  p50 2.795  p90 10.542  p99 18.422  max 43.902
   aspect3             : p01 51.838  p10 72.096  p50 287.462  p90 2660.190  p99 25480.353  max 797637.055
   area          (um^2): p01 10.661  p10 103.251  p50 1063.057  p90 4846.127  p99 11286.404  max 48257.366
   orientation   (deg) : p01 0.643  p10 25.161  p50 75.480  p90 117.497  p99 145.125  max 155.666
   chord key      (um) : p01 4.563  p10 298.114  p50 973.440  p90 1605.451  p99 2094.013  max 4017.911
   CONTROL (TURNING class, same statistics)
   e0 (um): p01 13.560  p10 52.953  p50 171.143  p90 430.059  p99 860.114  max 1218.978
   e2 (um): p01 51.502  p10 140.052  p50 447.274  p90 878.500  p99 1499.785  max 2373.308
   aspect3: p01 1.169  p10 1.635  p50 3.576  p90 15.815  p99 41.148  max 49.999
   orient (deg): p01 0.073  p10 0.149  p50 0.878  p90 5.233  p99 104.296  max 153.397

CSR edge table: 2420295 directed corner-edges   [5.2s]
TOPOLOGY (by welded index): edges 1210448   boundary 601   non-manifold 0   Euler V-E+F = 0

── H-A3 CLUSTERING (dual connected components of the class) ──
   MIS class      : 3176 components, mean size 39.120, max 7019   hist {"1":1625,"2":495,"3-5":408,"6-20":531,"21-100":63,">100":54}
   RANDOM control : 95589 components, mean size 1.300, max 11   hist {"1":75185,"2":14755,"3-5":5452,"6-20":197,"21-100":0,">100":0}
   *** H-A3 ratio 30.097x  -> CONFIRMED: the class is CLUSTERED; a local re-mesh has purchase (kill < 1.5x) ***

── H-A4 ALIGNMENT — angle(longest edge, grad r) in the arc-length plane; 0 = ACROSS the wall, 90 = ALONG it ──
   MIS class     : p01 1.497  p10 5.519  p50 20.534  p90 65.322  p99 76.173  max 90.000   ALONG(>=60deg) 19679 (15.84%)   ACROSS(<=30deg) 74014 (59.57%)
   TURNING ctrl  : p01 0.000  p10 15.769  p50 63.279  p90 87.758  p99 89.914  max 90.000
   |grad r| at the centroid — MIS: p01 0.390  p10 1.266  p50 1.936  p90 3.001  p99 3.569  max 4.081
   |grad r| at the centroid — ctrl: p01 0.057  p10 0.083  p50 0.772  p90 2.548  p99 3.650  max 4.079
   z of the class (mm, H=120): p01 8.121  p10 20.946  p50 54.348  p90 96.502  p99 104.379  max 118.856

── H-A5 FIN TEST (n=300 per group, tol 10 um, nMax 512)   zJumps 0 thJumps 0 ──
   ── MIS-ORIENTED class (n=300, 307.8s)
      H1 certifyTriangle witnessed (facet->surface, um): p01 0.626  p10 1.294  p50 10.039  p90 50.948  p99 110.870  max 123.682
      H1 VERDICT at 10 um: PROVEN-FAIL 150  PROVEN-PASS 150  UNKNOWN 0
      H2loc (surface -> 2-ring incl. self, um): p01 0.078  p10 0.289  p50 1.422  p90 4.552  p99 6.911  max 10.835
      H2self (surface -> THIS facet only, um) : p01 0.567  p10 1.293  p50 6.005  p90 50.942  p99 117.878  max 125.641
      *** FIN RATIO H1p50 / H2locp50 = 7.06x  (>=2 => FIN: redundant geometry, deletable; <2 => real uncovered surface) ***
   ── TURNING control (n=300, 25.4s)
      H1 certifyTriangle witnessed (facet->surface, um): p01 0.095  p10 1.103  p50 1.957  p90 5.190  p99 149.878  max 171.771
      H1 VERDICT at 10 um: PROVEN-FAIL 19  PROVEN-PASS 281  UNKNOWN 0
      H2loc (surface -> 2-ring incl. self, um): p01 0.095  p10 1.099  p50 1.949  p90 4.304  p99 6.327  max 9.023
      H2self (surface -> THIS facet only, um) : p01 0.095  p10 1.235  p50 2.206  p90 5.830  p99 147.761  max 157.984
      *** FIN RATIO H1p50 / H2locp50 = 1.00x  (>=2 => FIN: redundant geometry, deletable; <2 => real uncovered surface) ***

   *** H-A5: MIS H1 10.04 um vs H2loc 1.42 um = 7.06x   CONFIRMED — the class is FINS ***
   (control TURNING: H1 1.96 / H2loc 1.95 = 1.00x)

done   [339.6s]   checkpoints in research/exchange/_strataConformBisect/S90_CENSUS.ndjson

report written to research/exchange/_strataConformBisect/s90CollapseCensus.report.txt
